Units: N			
Readings: Continuous			
X-Axis: Travel			
Travel Unit: mm			
Reading	Load	Travel	Time
1	0.005	0	0
2	0	0	0.115
3	0.005	0	0.15
4	0	0	0.2
5	0	0	0.25
6	0.005	0	0.301
7	0	0	0.35
8	0	0	0.401
9	0.005	0	0.45
10	0	0	0.501
11	0.005	0	0.55
12	0	0	0.6
13	0	0	0.65
14	0	0	0.7
15	0	0	0.75
16	0	0	0.8
17	0	0	0.851
18	0	0	0.9
19	0	0	0.95
20	0	0	1
21	0	0	1.05
22	0	0	1.1
23	0	0	1.15
24	0	0	1.2
25	0	0	1.25
26	0	0	1.3
27	0	0	1.351
28	0.005	0	1.4
29	0	0	1.45
30	0	0	1.5
31	0	0	1.55
32	0.185	-0.02	1.601
33	0.02	-0.12	1.65
34	0.005	-0.2	1.7
35	0.16	-0.26	1.75
36	0.25	-0.34	1.8
37	0.035	-0.44	1.851
38	0.035	-0.52	1.9
39	0.045	-0.6	1.951
40	0.29	-0.68	2
41	0.145	-0.78	2.051
42	0.22	-0.86	2.1
43	0.425	-0.92	2.15
44	0.695	-1	2.201
45	0.665	-1.1	2.25
46	0.845	-1.18	2.3
47	1.06	-1.26	2.351
48	1.565	-1.34	2.4
49	1.845	-1.44	2.45
50	1.945	-1.52	2.5
51	2.255	-1.6	2.55
52	2.75	-1.66	2.601
53	3.165	-1.76	2.65
54	3.275	-1.84	2.701
55	3.605	-1.92	2.75
56	4.28	-2.02	2.8
57	4.985	-2.1	2.851
58	5.4	-2.2	2.9
59	5.985	-2.28	2.951
60	6.785	-2.36	3
61	7.53	-2.42	3.05
62	7.255	-2.42	3.101
63	7.475	-2.42	3.15
64	7.39	-2.42	3.2
65	7.385	-2.46	3.25
66	7.415	-2.46	3.301
67	7.43	-2.46	3.35
68	7.46	-2.46	3.4
69	7.465	-2.48	3.45
70	7.45	-2.48	3.501
71	7.435	-2.48	3.55
72	7.425	-2.48	3.6
73	7.415	-2.48	3.65
74	7.405	-2.48	3.701
75	7.395	-2.48	3.75
76	7.385	-2.48	3.801
77	7.38	-2.48	3.85
78	7.37	-2.48	3.9
79	7.365	-2.48	3.951
80	7.355	-2.48	4
81	7.35	-2.48	4.051
82	7.345	-2.48	4.1
83	7.34	-2.48	4.151
84	7.335	-2.48	4.2
85	7.33	-2.48	4.251
86	7.325	-2.48	4.301
87	7.32	-2.48	4.35
88	7.315	-2.48	4.4
89	7.31	-2.48	4.45
90	7.31	-2.48	4.5
91	7.305	-2.48	4.55
92	7.3	-2.48	4.601
93	7.295	-2.48	4.65
94	7.295	-2.48	4.7
95	7.29	-2.48	4.75
96	7.285	-2.48	4.8
97	7.285	-2.48	4.85
98	7.28	-2.48	4.9
99	7.275	-2.48	4.95
100	7.275	-2.48	5.001
101	7.275	-2.48	5.05
102	7.27	-2.48	5.1
103	7.265	-2.48	5.15
104	7.265	-2.48	5.2
105	7.26	-2.48	5.25
106	7.26	-2.48	5.301
107	7.255	-2.48	5.35
108	7.255	-2.48	5.4
109	7.255	-2.48	5.45
110	7.25	-2.48	5.5
111	7.25	-2.48	5.55
112	7.245	-2.48	5.6
113	7.245	-2.48	5.65
114	7.24	-2.48	5.701
115	7.24	-2.48	5.75
116	7.24	-2.48	5.8
117	7.235	-2.48	5.85
118	7.235	-2.48	5.9
119	7.23	-2.48	5.95
120	7.23	-2.48	6
121	7.23	-2.48	6.05
122	7.225	-2.48	6.1
123	7.225	-2.48	6.151
124	7.225	-2.48	6.201
125	7.22	-2.48	6.25
126	7.22	-2.48	6.3
127	7.22	-2.48	6.35
128	7.215	-2.48	6.4
129	7.215	-2.48	6.45
130	7.215	-2.48	6.5
131	7.21	-2.48	6.55
132	7.21	-2.48	6.6
133	7.21	-2.48	6.65
134	7.205	-2.48	6.7
135	7.205	-2.48	6.75
136	7.205	-2.48	6.801
137	7.205	-2.48	6.85
138	7.2	-2.48	6.9
139	7.2	-2.48	6.95
140	7.2	-2.48	7
141	7.2	-2.48	7.05
142	7.195	-2.48	7.1
143	7.195	-2.48	7.15
144	7.195	-2.48	7.2
145	7.195	-2.48	7.25
146	7.195	-2.48	7.3
147	7.195	-2.48	7.35
148	7.19	-2.48	7.4
149	7.19	-2.48	7.45
150	7.19	-2.48	7.5
151	7.185	-2.48	7.55
152	7.185	-2.48	7.6
153	7.185	-2.48	7.65
154	7.185	-2.48	7.7
155	7.185	-2.48	7.751
156	7.18	-2.48	7.8
157	7.18	-2.48	7.85
158	7.18	-2.48	7.9
159	7.18	-2.48	7.95
160	7.18	-2.48	8
161	7.175	-2.48	8.05
162	7.175	-2.48	8.101
163	7.175	-2.48	8.15
164	7.175	-2.48	8.201
165	7.175	-2.48	8.25
166	7.17	-2.48	8.3
167	7.17	-2.48	8.35
168	7.17	-2.48	8.4
169	7.17	-2.48	8.45
170	7.17	-2.48	8.5
171	7.17	-2.48	8.55
172	7.165	-2.48	8.6
173	7.165	-2.48	8.65
174	7.165	-2.48	8.7
175	7.165	-2.48	8.75
176	7.165	-2.48	8.8
177	7.165	-2.48	8.851
178	7.16	-2.48	8.9
179	7.16	-2.48	8.95
180	7.16	-2.48	9
181	7.16	-2.48	9.05
182	7.16	-2.48	9.1
183	7.155	-2.48	9.151
184	7.155	-2.48	9.2
185	7.155	-2.48	9.251
186	7.155	-2.48	9.3
187	7.155	-2.48	9.35
188	7.155	-2.48	9.401
189	7.155	-2.48	9.45
190	7.155	-2.48	9.501
191	7.15	-2.48	9.55
192	7.15	-2.48	9.601
193	7.15	-2.48	9.65
194	7.15	-2.48	9.7
195	7.15	-2.48	9.751
196	7.15	-2.48	9.8
197	7.15	-2.48	9.851
198	7.145	-2.48	9.9
199	7.145	-2.48	9.95
200	7.145	-2.48	10
201	7.145	-2.48	10.05
202	7.145	-2.48	10.1
203	7.145	-2.48	10.15
204	7.145	-2.48	10.2
205	7.145	-2.48	10.25
206	7.14	-2.48	10.3
207	7.14	-2.48	10.35
208	7.14	-2.48	10.4
209	7.14	-2.48	10.451
210	7.14	-2.48	10.5
211	7.14	-2.48	10.55
212	7.14	-2.48	10.6
213	7.14	-2.48	10.651
214	7.14	-2.48	10.7
215	7.135	-2.48	10.75
216	7.135	-2.48	10.801
217	7.135	-2.48	10.85
218	7.135	-2.48	10.901
219	7.135	-2.48	10.951
220	7.135	-2.48	11
221	7.095	-2.46	11.05
222	6.175	-2.38	11.1
223	5.55	-2.28	11.151
224	4.92	-2.2	11.2
225	4.34	-2.12	11.25
226	3.83	-2.04	11.301
227	3.345	-1.98	11.35
228	3.025	-1.9	11.401
229	2.73	-1.82	11.45
230	2.455	-1.74	11.5
231	2.26	-1.66	11.55
232	1.84	-1.56	11.601
233	1.535	-1.48	11.65
234	1.37	-1.44	11.701
235	1.105	-1.34	11.75
236	0.87	-1.26	11.801
237	0.665	-1.18	11.85
238	0.49	-1.1	11.9
239	0.345	-1.04	11.95
240	0.23	-0.96	12
241	0.14	-0.88	12.051
242	0.075	-0.8	12.1
243	0.15	-0.72	12.15
244	0.02	-0.66	12.2
245	0.015	-0.58	12.25
246	0.125	-0.5	12.3
247	0.1	-0.4	12.35
248	0.12	-0.32	12.4
249	0.12	-0.24	12.451
250	0.105	-0.16	12.501
251	0.12	-0.1	12.55
252	0.035	-0.04	12.6
253	0.125	-0.04	12.651
254	0.11	-0.02	12.7
255	0.145	-0.02	12.75
256	0.085	-0.02	12.801
257	0.18	-0.02	12.85
258	0.085	-0.02	12.901
259	0.14	-0.02	12.95
260	-0.02	0	13
261	-0.025	0	13.05
262	-0.02	0	13.101
263	-0.02	0	13.15
264	-0.02	0	13.201
265	-0.02	0	13.25
266	-0.125	0	13.3
267	-0.125	0	13.35
268	-0.13	0	13.4
269	-0.11	0	13.45
270	-0.1	0	13.5
271	0.01	0	13.55
272	0.015	0	13.6
273	0.015	0	13.651
274	0.015	0	13.7
275	0.015	0	13.75
276	0.015	0	13.8
277	0.015	0	13.85
278	0.01	0	13.9
279	0.01	0	13.95
280	0.01	0	14
281	0.005	0	14.05
282	0	0	14.1
283	0	0	14.151
284	0	0	14.2
285	0	0	14.25
286	-0.005	0	14.3
287	-0.005	0	14.35
288	-0.005	0	14.4
289	-0.005	0	14.45
290	-0.005	0	14.5
291	-0.005	0	14.55
292	-0.005	0	14.6
293	-0.005	0	14.65
294	0	0	14.7
295	0	0	14.75
296	0	0	14.8
297	0.005	0	14.851
298	0.005	0	14.9
299	0.005	0	14.95
300	0.005	0	15.001
301	0.005	0	15.05
302	0.005	0	15.1
303	0.01	0	15.15
304	0.005	0	15.201
305	0.005	0	15.25
306	0.005	0	15.3
307	0.005	0	15.35
308	0.005	0	15.4
309	0.005	0	15.45
310	0	0	15.5
311	0	0	15.55
312	0	0	15.6
313	0	0	15.65
314	0	0	15.701
315	0	0	15.75
316	0	0	15.8
317	-0.005	0	15.85
318	0	0	15.9
319	0.005	0	15.951
320	0	0	16
321	0	0	16.051
322	0	0	16.1
