Units: N			
Readings: Continuous			
X-Axis: Travel			
Travel Unit: mm			
Reading	Load	Travel	Time
1	0	0	0
2	0	0	0.117
3	0	0	0.143
4	0	0	0.193
5	0	0	0.243
6	0	0	0.293
7	0	0	0.343
8	0	0	0.394
9	0	0	0.443
10	0	0	0.493
11	0	0	0.543
12	0	0	0.594
13	0	0	0.643
14	0	0	0.693
15	0	0	0.743
16	0	0	0.793
17	0	0	0.843
18	0	0	0.893
19	0	0	0.944
20	0	0	0.994
21	0	0	1.043
22	0	0	1.093
23	0	0	1.143
24	0	0	1.193
25	0	0	1.244
26	0	0	1.293
27	0	0	1.343
28	0	0	1.394
29	0	0	1.443
30	0	0	1.494
31	0	0	1.543
32	0	0	1.593
33	0	0	1.643
34	0	0	1.693
35	0	0	1.744
36	0	0	1.793
37	0	0	1.844
38	0	0	1.894
39	0	0	1.944
40	0	0	1.993
41	0	0	2.043
42	-0.005	0	2.094
43	0	0	2.144
44	0	0	2.194
45	0	0	2.243
46	0	0	2.293
47	-0.005	0	2.343
48	-0.005	0	2.393
49	0	0	2.443
50	0	0	2.493
51	0	0	2.543
52	0	0	2.593
53	0	0	2.643
54	0	0	2.693
55	0	0	2.744
56	0	0	2.794
57	0	0	2.844
58	0	0	2.893
59	0	0	2.943
60	0	0	2.993
61	0	0	3.043
62	-0.12	-0.02	3.093
63	-0.225	-0.1	3.143
64	-0.135	-0.16	3.193
65	-0.015	-0.26	3.243
66	0.01	-0.34	3.293
67	-0.18	-0.42	3.343
68	-0.13	-0.5	3.393
69	0.005	-0.58	3.444
70	0.025	-0.68	3.494
71	-0.08	-0.76	3.543
72	0.01	-0.82	3.593
73	0.01	-0.9	3.644
74	0.235	-1	3.693
75	0.21	-1.08	3.743
76	0.145	-1.16	3.795
77	0.21	-1.26	3.843
78	0.465	-1.32	3.893
79	0.51	-1.42	3.944
80	0.465	-1.48	3.993
81	0.605	-1.56	4.043
82	0.995	-1.66	4.093
83	1.46	-1.74	4.143
84	1.67	-1.82	4.193
85	2.275	-1.9	4.243
86	2.935	-2	4.293
87	3.63	-2.08	4.343
88	4.04	-2.18	4.393
89	4.59	-2.26	4.443
90	5.315	-2.32	4.493
91	6.07	-2.42	4.543
92	6.015	-2.42	4.593
93	6.05	-2.42	4.643
94	6.045	-2.46	4.693
95	6.065	-2.46	4.743
96	6.08	-2.46	4.793
97	6.11	-2.46	4.843
98	6.125	-2.46	4.894
99	6.145	-2.48	4.943
100	6.13	-2.48	4.994
101	6.125	-2.48	5.044
102	6.11	-2.48	5.093
103	6.1	-2.48	5.144
104	6.095	-2.48	5.193
105	6.085	-2.48	5.243
106	6.08	-2.48	5.293
107	6.07	-2.48	5.343
108	6.065	-2.48	5.394
109	6.06	-2.48	5.444
110	6.05	-2.48	5.494
111	6.045	-2.48	5.544
112	6.045	-2.48	5.594
113	6.04	-2.48	5.643
114	6.035	-2.48	5.693
115	6.03	-2.48	5.743
116	6.025	-2.48	5.794
117	6.02	-2.48	5.843
118	6.02	-2.48	5.893
119	6.015	-2.48	5.943
120	6.01	-2.48	5.993
121	6.01	-2.48	6.043
122	6.005	-2.48	6.093
123	6	-2.48	6.143
124	6	-2.48	6.193
125	5.995	-2.48	6.243
126	5.995	-2.48	6.293
127	5.99	-2.48	6.343
128	5.99	-2.48	6.394
129	5.985	-2.48	6.445
130	5.985	-2.48	6.493
131	5.98	-2.48	6.543
132	5.98	-2.48	6.593
133	5.975	-2.48	6.643
134	5.975	-2.48	6.693
135	5.975	-2.48	6.743
136	5.97	-2.48	6.793
137	5.97	-2.48	6.844
138	5.965	-2.48	6.893
139	5.965	-2.48	6.943
140	5.965	-2.48	6.993
141	5.96	-2.48	7.044
142	5.96	-2.48	7.093
143	5.955	-2.48	7.144
144	5.955	-2.48	7.193
145	5.955	-2.48	7.243
146	5.95	-2.48	7.293
147	5.95	-2.48	7.344
148	5.95	-2.48	7.393
149	5.95	-2.48	7.443
150	5.945	-2.48	7.493
151	5.945	-2.48	7.543
152	5.94	-2.48	7.593
153	5.945	-2.48	7.644
154	5.94	-2.48	7.693
155	5.935	-2.48	7.743
156	5.94	-2.48	7.793
157	5.935	-2.48	7.844
158	5.935	-2.48	7.893
159	5.935	-2.48	7.944
160	5.93	-2.48	7.994
161	5.93	-2.48	8.043
162	5.93	-2.48	8.094
163	5.93	-2.48	8.144
164	5.93	-2.48	8.193
165	5.925	-2.48	8.244
166	5.925	-2.48	8.293
167	5.925	-2.48	8.344
168	5.925	-2.48	8.393
169	5.92	-2.48	8.443
170	5.92	-2.48	8.493
171	5.92	-2.48	8.544
172	5.92	-2.48	8.593
173	5.92	-2.48	8.643
174	5.915	-2.48	8.693
175	5.915	-2.48	8.744
176	5.915	-2.48	8.794
177	5.915	-2.48	8.843
178	5.915	-2.48	8.893
179	5.915	-2.48	8.943
180	5.91	-2.48	8.994
181	5.91	-2.48	9.043
182	5.91	-2.48	9.093
183	5.91	-2.48	9.144
184	5.905	-2.48	9.194
185	5.905	-2.48	9.243
186	5.905	-2.48	9.293
187	5.905	-2.48	9.343
188	5.905	-2.48	9.393
189	5.905	-2.48	9.443
190	5.9	-2.48	9.494
191	5.9	-2.48	9.544
192	5.9	-2.48	9.593
193	5.9	-2.48	9.643
194	5.9	-2.48	9.693
195	5.895	-2.48	9.744
196	5.895	-2.48	9.793
197	5.895	-2.48	9.843
198	5.895	-2.48	9.893
199	5.895	-2.48	9.943
200	5.895	-2.48	9.993
201	5.895	-2.48	10.043
202	5.895	-2.48	10.093
203	5.89	-2.48	10.143
204	5.89	-2.48	10.194
205	5.89	-2.48	10.243
206	5.89	-2.48	10.293
207	5.89	-2.48	10.343
208	5.89	-2.48	10.394
209	5.89	-2.48	10.443
210	5.885	-2.48	10.493
211	5.885	-2.48	10.543
212	5.885	-2.48	10.593
213	5.885	-2.48	10.643
214	5.885	-2.48	10.693
215	5.49	-2.42	10.744
216	4.735	-2.32	10.793
217	4.11	-2.28	10.843
218	3.56	-2.2	10.894
219	2.96	-2.1	10.943
220	2.41	-2.02	10.993
221	1.925	-1.94	11.044
222	1.45	-1.86	11.093
223	1.045	-1.8	11.143
224	0.69	-1.72	11.193
225	0.465	-1.64	11.244
226	0.315	-1.56	11.293
227	0.24	-1.48	11.343
228	0.155	-1.38	11.393
229	0.21	-1.34	11.443
230	0.145	-1.26	11.494
231	-0.015	-1.16	11.544
232	0.045	-1.08	11.593
233	0.02	-1	11.643
234	0.005	-0.92	11.693
235	0.01	-0.86	11.743
236	0.01	-0.78	11.793
237	0.01	-0.7	11.843
238	0.005	-0.62	11.893
239	0.01	-0.54	11.943
240	0.01	-0.48	11.993
241	0.01	-0.4	12.043
242	0.015	-0.3	12.093
243	0.01	-0.22	12.143
244	0.01	-0.16	12.193
245	0.015	-0.06	12.243
246	0.18	-0.04	12.294
247	0.115	-0.02	12.343
248	0.155	-0.02	12.393
249	0.11	-0.02	12.444
250	0.005	-0.02	12.493
251	0.005	-0.02	12.544
252	0.005	-0.02	12.593
253	0.005	0	12.643
254	0.005	0	12.693
255	0.005	0	12.743
256	0.005	0	12.793
257	0	0	12.843
258	0	0	12.894
259	0	0	12.943
260	0	0	12.994
261	0	0	13.043
262	0	0	13.093
263	0	0	13.143
264	-0.005	0	13.193
265	-0.005	0	13.243
266	-0.005	0	13.293
267	-0.005	0	13.344
268	-0.005	0	13.393
269	-0.005	0	13.443
270	-0.005	0	13.493
271	0	0	13.544
272	0	0	13.593
273	0	0	13.643
274	0	0	13.693
275	0	0	13.744
276	0	0	13.793
277	0	0	13.844
278	0	0	13.893
279	0	0	13.943
280	0	0	13.993
281	0	0	14.043
282	0	0	14.093
283	0	0	14.144
284	0	0	14.193
285	0	0	14.243
286	0	0	14.293
287	0	0	14.343
