Units: N			
Readings: Continuous			
X-Axis: Travel			
Travel Unit: mm			
Reading	Load	Travel	Time
1	0	0	0
2	0	0	0.1
3	0	0	0.151
4	0	0	0.2
5	0	0	0.25
6	0	0	0.301
7	0	0	0.35
8	0	0	0.4
9	0	0	0.45
10	0	0	0.5
11	0	0	0.55
12	0	0	0.6
13	0	0	0.65
14	0	0	0.7
15	0	0	0.751
16	0	0	0.8
17	0	0	0.851
18	0	0	0.9
19	0	0	0.951
20	0	0	1
21	0	0	1.051
22	0	0	1.1
23	0	0	1.151
24	0	0	1.2
25	0	0	1.251
26	0	0	1.301
27	0	0	1.35
28	0	0	1.401
29	0	0	1.45
30	0	0	1.5
31	0	0	1.55
32	0	0	1.6
33	0	0	1.65
34	0	0	1.7
35	-0.015	-0.02	1.751
36	-0.03	-0.1	1.8
37	0.105	-0.16	1.85
38	-0.005	-0.26	1.9
39	-0.205	-0.34	1.95
40	-0.115	-0.42	2.001
41	-0.01	-0.5	2.05
42	0.01	-0.6	2.1
43	-0.21	-0.68	2.151
44	-0.145	-0.76	2.2
45	0	-0.82	2.25
46	0.045	-0.92	2.3
47	-0.02	-1	2.35
48	-0.005	-1.08	2.4
49	0.14	-1.16	2.45
50	0.33	-1.26	2.5
51	0.265	-1.34	2.55
52	0.3	-1.42	2.6
53	0.375	-1.48	2.65
54	0.655	-1.56	2.7
55	0.79	-1.66	2.75
56	0.925	-1.74	2.8
57	1.205	-1.82	2.85
58	1.705	-1.92	2.901
59	2.055	-2	2.951
60	2.27	-2.1	3
61	2.64	-2.18	3.05
62	3.245	-2.26	3.1
63	3.745	-2.32	3.15
64	3.91	-2.42	3.2
65	4.155	-2.42	3.25
66	4.055	-2.42	3.3
67	4.035	-2.42	3.35
68	4.03	-2.46	3.4
69	4.035	-2.46	3.45
70	4.05	-2.46	3.5
71	4.06	-2.46	3.55
72	4.07	-2.48	3.6
73	4.055	-2.48	3.651
74	4.045	-2.48	3.7
75	4.035	-2.48	3.75
76	4.025	-2.48	3.8
77	4.015	-2.48	3.851
78	4.005	-2.48	3.9
79	4	-2.48	3.95
80	3.995	-2.48	4
81	3.99	-2.48	4.05
82	3.98	-2.48	4.101
83	3.975	-2.48	4.15
84	3.97	-2.48	4.2
85	3.965	-2.48	4.25
86	3.96	-2.48	4.3
87	3.96	-2.48	4.35
88	3.955	-2.48	4.401
89	3.95	-2.48	4.45
90	3.945	-2.48	4.5
91	3.94	-2.48	4.55
92	3.94	-2.48	4.601
93	3.935	-2.48	4.651
94	3.93	-2.48	4.701
95	3.93	-2.48	4.75
96	3.925	-2.48	4.801
97	3.92	-2.48	4.85
98	3.92	-2.48	4.9
99	3.915	-2.48	4.952
100	3.915	-2.48	5
101	3.91	-2.48	5.051
102	3.91	-2.48	5.1
103	3.905	-2.48	5.15
104	3.905	-2.48	5.2
105	3.9	-2.48	5.251
106	3.9	-2.48	5.3
107	3.895	-2.48	5.351
108	3.895	-2.48	5.4
109	3.895	-2.48	5.45
110	3.89	-2.48	5.5
111	3.89	-2.48	5.55
112	3.89	-2.48	5.6
113	3.885	-2.48	5.65
114	3.885	-2.48	5.7
115	3.885	-2.48	5.75
116	3.88	-2.48	5.8
117	3.88	-2.48	5.85
118	3.88	-2.48	5.9
119	3.875	-2.48	5.95
120	3.875	-2.48	6
121	3.875	-2.48	6.05
122	3.87	-2.48	6.1
123	3.87	-2.48	6.15
124	3.87	-2.48	6.201
125	3.87	-2.48	6.25
126	3.865	-2.48	6.301
127	3.865	-2.48	6.351
128	3.865	-2.48	6.4
129	3.86	-2.48	6.45
130	3.86	-2.48	6.5
131	3.86	-2.48	6.55
132	3.86	-2.48	6.6
133	3.86	-2.48	6.65
134	3.855	-2.48	6.701
135	3.855	-2.48	6.75
136	3.855	-2.48	6.8
137	3.855	-2.48	6.85
138	3.85	-2.48	6.9
139	3.85	-2.48	6.95
140	3.85	-2.48	7
141	3.85	-2.48	7.05
142	3.85	-2.48	7.1
143	3.845	-2.48	7.151
144	3.845	-2.48	7.2
145	3.845	-2.48	7.25
146	3.845	-2.48	7.3
147	3.845	-2.48	7.35
148	3.84	-2.48	7.4
149	3.84	-2.48	7.45
150	3.84	-2.48	7.501
151	3.84	-2.48	7.55
152	3.84	-2.48	7.601
153	3.84	-2.48	7.65
154	3.835	-2.48	7.7
155	3.835	-2.48	7.751
156	3.835	-2.48	7.8
157	3.835	-2.48	7.85
158	3.835	-2.48	7.9
159	3.835	-2.48	7.951
160	3.83	-2.48	8
161	3.83	-2.48	8.05
162	3.83	-2.48	8.1
163	3.83	-2.48	8.15
164	3.83	-2.48	8.2
165	3.83	-2.48	8.25
166	3.825	-2.48	8.301
167	3.825	-2.48	8.351
168	3.825	-2.48	8.4
169	3.825	-2.48	8.45
170	3.825	-2.48	8.5
171	3.825	-2.48	8.55
172	3.825	-2.48	8.601
173	3.82	-2.48	8.65
174	3.82	-2.48	8.701
175	3.82	-2.48	8.75
176	3.82	-2.48	8.8
177	3.82	-2.48	8.851
178	3.82	-2.48	8.9
179	3.82	-2.48	8.95
180	3.815	-2.48	9
181	3.815	-2.48	9.051
182	3.815	-2.48	9.101
183	3.815	-2.48	9.15
184	3.815	-2.48	9.2
185	3.815	-2.48	9.25
186	3.815	-2.48	9.3
187	3.81	-2.48	9.35
188	3.81	-2.48	9.401
189	3.81	-2.48	9.451
190	3.81	-2.48	9.501
191	3.81	-2.48	9.551
192	3.81	-2.48	9.6
193	3.81	-2.48	9.65
194	3.81	-2.48	9.701
195	3.805	-2.48	9.75
196	3.805	-2.48	9.8
197	3.805	-2.48	9.851
198	3.805	-2.48	9.9
199	3.805	-2.48	9.951
200	3.505	-2.42	10.001
201	2.99	-2.36	10.05
202	2.485	-2.28	10.101
203	2.095	-2.2	10.15
204	1.74	-2.1	10.201
205	1.39	-2.02	10.25
206	1.1	-1.94	10.3
207	0.775	-1.86	10.35
208	0.53	-1.8	10.401
209	0.35	-1.72	10.45
210	0.25	-1.64	10.5
211	0.19	-1.56	10.55
212	0.125	-1.48	10.6
213	0.18	-1.38	10.65
214	0.035	-1.32	10.7
215	0.095	-1.26	10.75
216	0.06	-1.16	10.801
217	-0.06	-1.08	10.85
218	0.015	-1	10.9
219	0.005	-0.92	10.95
220	0.015	-0.86	11
221	0.01	-0.78	11.05
222	0.015	-0.7	11.1
223	0.015	-0.62	11.15
224	0.01	-0.54	11.201
225	0.015	-0.48	11.25
226	0.015	-0.4	11.3
227	0.01	-0.3	11.35
228	0.01	-0.22	11.4
229	0.01	-0.14	11.45
230	0.01	-0.06	11.501
231	-0.13	-0.04	11.55
232	0.02	-0.04	11.6
233	0.015	-0.02	11.65
234	0.02	-0.02	11.7
235	0.01	-0.02	11.75
236	0.005	-0.02	11.8
237	0	-0.02	11.85
238	0.005	-0.02	11.9
239	0	0	11.95
240	0	0	12.001
241	0	0	12.05
242	0	0	12.101
243	0	0	12.15
244	0	0	12.201
245	0	0	12.251
246	0	0	12.3
247	0	0	12.35
248	0	0	12.4
249	0	0	12.451
250	0	0	12.5
251	0	0	12.55
252	0	0	12.601
253	0	0	12.651
254	0	0	12.7
255	0	0	12.75
256	0	0	12.8
257	0	0	12.85
