3/28/2025  3:16 PM
Units: N
Readings: Continuous
X-Axis: Travel
Travel Unit: mm
Reading	Load	Travel	Time
1	0.000	0.000	0.000
2	0.000	0.000	0.389
3	0.000	0.000	0.433
4	0.000	0.000	0.484
5	0.000	0.000	0.533
6	0.000	0.000	0.583
7	0.000	0.000	0.633
8	0.000	0.000	0.683
9	0.000	0.000	0.733
10	0.000	0.000	0.783
11	0.000	0.000	0.833
12	0.000	0.000	0.883
13	-0.005	0.000	0.933
14	0.000	0.000	0.983
15	0.000	0.000	1.033
16	-0.005	0.000	1.083
17	0.000	0.000	1.133
18	0.000	0.000	1.183
19	-0.005	0.000	1.233
20	0.000	0.000	1.283
21	0.000	0.000	1.333
22	0.000	0.000	1.383
23	-0.005	0.000	1.433
24	-0.005	0.000	1.483
25	-0.005	0.000	1.533
26	0.000	0.000	1.583
27	0.000	0.000	1.634
28	0.000	0.000	1.683
29	0.000	0.000	1.733
30	0.005	0.000	1.783
31	0.005	0.000	1.833
32	0.005	0.000	1.885
33	0.005	0.000	1.933
34	0.005	0.000	1.983
35	0.005	0.000	2.033
36	0.000	0.000	2.083
37	0.000	0.000	2.134
38	0.005	0.000	2.183
39	0.000	0.000	2.233
40	0.000	0.000	2.283
41	-0.005	0.000	2.333
42	-0.005	0.000	2.383
43	-0.005	0.000	2.434
44	-0.005	0.000	2.483
45	-0.005	0.000	2.533
46	-0.005	0.000	2.583
47	0.000	0.000	2.634
48	-0.005	0.000	2.684
49	0.000	0.000	2.733
50	0.000	0.000	2.783
51	0.000	0.000	2.833
52	-0.100	-0.020	2.883
53	-0.220	-0.100	2.933
54	-0.185	-0.160	2.983
55	0.015	-0.260	3.033
56	0.045	-0.340	3.083
57	-0.050	-0.420	3.133
58	-0.070	-0.500	3.183
59	0.070	-0.580	3.233
60	0.220	-0.680	3.283
61	0.150	-0.760	3.333
62	0.080	-0.820	3.383
63	0.255	-0.920	3.433
64	0.575	-1.000	3.483
65	0.735	-1.080	3.533
66	0.825	-1.160	3.583
67	1.260	-1.260	3.633
68	1.700	-1.320	3.683
69	2.180	-1.420	3.733
70	2.350	-1.480	3.783
71	2.785	-1.560	3.833
72	3.445	-1.660	3.883
73	4.065	-1.740	3.933
74	4.360	-1.820	3.983
75	4.830	-1.900	4.033
76	5.435	-2.000	4.083
77	6.055	-2.080	4.133
78	6.460	-2.180	4.183
79	6.760	-2.260	4.233
80	7.435	-2.320	4.283
81	8.105	-2.420	4.334
82	7.910	-2.420	4.383
83	8.035	-2.420	4.433
84	8.065	-2.420	4.483
85	7.940	-2.460	4.533
86	8.060	-2.460	4.583
87	8.085	-2.460	4.633
88	8.110	-2.460	4.683
89	8.115	-2.480	4.733
90	8.095	-2.480	4.783
91	8.095	-2.480	4.833
92	8.085	-2.480	4.883
93	8.070	-2.480	4.934
94	8.065	-2.480	4.983
95	8.060	-2.480	5.034
96	8.050	-2.480	5.084
97	8.040	-2.480	5.133
98	8.040	-2.480	5.183
99	8.030	-2.480	5.233
100	8.025	-2.480	5.283
101	8.020	-2.480	5.334
102	8.015	-2.480	5.383
103	8.010	-2.480	5.433
104	8.005	-2.480	5.483
105	8.000	-2.480	5.535
106	7.995	-2.480	5.592
107	7.990	-2.480	5.633
108	7.985	-2.480	5.683
109	7.985	-2.480	5.733
110	7.980	-2.480	5.784
111	7.980	-2.480	5.833
112	7.975	-2.480	5.883
113	7.970	-2.480	5.933
114	7.965	-2.480	5.983
115	7.965	-2.480	6.033
116	7.960	-2.480	6.083
117	7.960	-2.480	6.133
118	7.955	-2.480	6.183
119	7.955	-2.480	6.233
120	7.950	-2.480	6.283
121	7.950	-2.480	6.333
122	7.945	-2.480	6.383
123	7.945	-2.480	6.433
124	7.940	-2.480	6.483
125	7.940	-2.480	6.533
126	7.935	-2.480	6.583
127	7.935	-2.480	6.633
128	7.930	-2.480	6.683
129	7.930	-2.480	6.733
130	7.930	-2.480	6.783
131	7.925	-2.480	6.833
132	7.920	-2.480	6.883
133	7.920	-2.480	6.933
134	7.920	-2.480	6.983
135	7.915	-2.480	7.033
136	7.915	-2.480	7.083
137	7.915	-2.480	7.133
138	7.910	-2.480	7.184
139	7.910	-2.480	7.233
140	7.905	-2.480	7.283
141	7.905	-2.480	7.333
142	7.905	-2.480	7.383
143	7.900	-2.480	7.433
144	7.900	-2.480	7.483
145	7.900	-2.480	7.533
146	7.895	-2.480	7.583
147	7.895	-2.480	7.633
148	7.895	-2.480	7.683
149	7.895	-2.480	7.733
150	7.890	-2.480	7.784
151	7.890	-2.480	7.833
152	7.890	-2.480	7.883
153	7.890	-2.480	7.933
154	7.885	-2.480	7.983
155	7.885	-2.480	8.034
156	7.885	-2.480	8.083
157	7.885	-2.480	8.133
158	7.885	-2.480	8.183
159	7.880	-2.480	8.234
160	7.880	-2.480	8.283
161	7.880	-2.480	8.333
162	7.880	-2.480	8.383
163	7.875	-2.480	8.433
164	7.875	-2.480	8.483
165	7.875	-2.480	8.533
166	7.870	-2.480	8.583
167	7.870	-2.480	8.633
168	7.870	-2.480	8.683
169	7.870	-2.480	8.734
170	7.865	-2.480	8.783
171	7.865	-2.480	8.834
172	7.865	-2.480	8.884
173	7.865	-2.480	8.933
174	7.865	-2.480	8.983
175	7.860	-2.480	9.033
176	7.860	-2.480	9.083
177	7.860	-2.480	9.133
178	7.860	-2.480	9.183
179	7.860	-2.480	9.234
180	7.855	-2.480	9.283
181	7.855	-2.480	9.333
182	7.855	-2.480	9.383
183	7.855	-2.480	9.433
184	7.855	-2.480	9.484
185	7.850	-2.480	9.533
186	7.850	-2.480	9.583
187	7.850	-2.480	9.634
188	7.850	-2.480	9.683
189	7.850	-2.480	9.734
190	7.845	-2.480	9.783
191	7.845	-2.480	9.833
192	7.845	-2.480	9.883
193	7.845	-2.480	9.933
194	7.845	-2.480	9.983
195	7.840	-2.480	10.033
196	7.845	-2.480	10.083
197	7.840	-2.480	10.133
198	7.840	-2.480	10.184
199	7.460	-2.380	10.233
200	6.860	-2.300	10.284
201	6.370	-2.220	10.333
202	6.005	-2.140	10.383
203	5.520	-2.080	10.433
204	4.920	-2.000	10.483
205	4.535	-1.920	10.534
206	4.060	-1.840	10.583
207	3.600	-1.760	10.633
208	3.140	-1.700	10.683
209	2.680	-1.620	10.734
210	2.235	-1.540	10.783
211	1.810	-1.440	10.833
212	1.435	-1.360	10.883
213	1.095	-1.280	10.933
214	0.775	-1.200	10.983
215	0.510	-1.140	11.033
216	0.340	-1.060	11.084
217	0.205	-0.980	11.133
218	0.105	-0.900	11.183
219	0.175	-0.820	11.233
220	0.145	-0.760	11.284
221	0.140	-0.680	11.333
222	0.115	-0.600	11.383
223	0.100	-0.520	11.433
224	-0.010	-0.440	11.483
225	-0.010	-0.340	11.533
226	-0.010	-0.260	11.583
227	-0.015	-0.200	11.633
228	-0.015	-0.120	11.683
229	-0.015	-0.040	11.733
230	0.150	-0.040	11.783
231	0.130	-0.020	11.833
232	0.170	-0.020	11.883
233	0.150	-0.020	11.933
234	0.205	-0.020	11.983
235	0.135	-0.020	12.033
236	0.175	-0.020	12.083
237	-0.025	0.000	12.133
238	-0.025	0.000	12.183
239	-0.025	0.000	12.233
240	-0.025	0.000	12.284
241	-0.025	0.000	12.333
242	-0.020	0.000	12.383
243	-0.110	0.000	12.433
244	-0.130	0.000	12.483
245	-0.120	0.000	12.534
246	-0.120	0.000	12.583
247	-0.120	0.000	12.633
248	-0.095	0.000	12.683
249	0.005	0.000	12.733
250	0.010	0.000	12.783
251	0.010	0.000	12.833
252	0.015	0.000	12.884
253	0.015	0.000	12.933
254	0.015	0.000	12.983
255	0.015	0.000	13.033
256	0.010	0.000	13.083
257	0.010	0.000	13.133
258	0.010	0.000	13.184
259	0.005	0.000	13.233
260	0.000	0.000	13.283
261	0.000	0.000	13.333
262	-0.005	0.000	13.384
263	-0.005	0.000	13.433
264	-0.005	0.000	13.483
265	-0.005	0.000	13.533
266	-0.010	0.000	13.583
267	-0.005	0.000	13.633
268	-0.005	0.000	13.684
269	-0.010	0.000	13.734
270	-0.010	0.000	13.783
271	-0.005	0.000	13.833
272	-0.005	0.000	13.883
273	0.000	0.000	13.933
274	0.000	0.000	13.983
275	0.000	0.000	14.033
276	0.000	0.000	14.083
277	0.000	0.000	14.133
278	0.000	0.000	14.184
279	0.005	0.000	14.234
280	0.000	0.000	14.283
281	0.005	0.000	14.334
282	0.005	0.000	14.383
283	0.000	0.000	14.433
284	0.000	0.000	14.483
285	0.000	0.000	14.533
286	0.000	0.000	14.583
287	0.000	0.000	14.633
288	0.000	0.000	14.684
289	0.000	0.000	14.733
290	-0.005	0.000	14.783
291	0.000	0.000	14.834
292	0.000	0.000	14.883
293	0.000	0.000	14.933
294	0.000	0.000	14.984
295	0.000	0.000	15.033
296	0.000	0.000	15.083
297	0.000	0.000	15.134
298	0.000	0.000	15.183
299	0.000	0.000	15.233
300	0.000	0.000	15.283
301	0.000	0.000	15.333
302	0.000	0.000	15.383
303	0.000	0.000	15.433
304	0.000	0.000	15.483
305	0.000	0.000	15.533
306	0.000	0.000	15.584
307	0.000	0.000	15.634
308	0.000	0.000	15.683
309	0.000	0.000	15.734
310	0.000	0.000	15.783
311	0.000	0.000	15.833
312	-0.005	0.000	15.883
313	0.000	0.000	15.933
314	0.000	0.000	15.983
315	-0.005	0.000	16.033
316	0.000	0.000	16.083
317	0.000	0.000	16.133
318	0.000	0.000	16.183
319	0.000	0.000	16.233
320	0.000	0.000	16.283
321	0.000	0.000	16.333
322	0.000	0.000	16.383
323	0.000	0.000	16.433
324	0.000	0.000	16.483
325	0.000	0.000	16.534
326	0.000	0.000	16.583
327	0.000	0.000	16.633
328	0.000	0.000	16.683
329	0.000	0.000	16.734
330	0.000	0.000	16.783
331	0.000	0.000	16.833
332	0.005	0.000	16.884
333	0.000	0.000	16.933
334	0.005	0.000	16.983
335	0.005	0.000	17.034
336	0.000	0.000	17.083
337	0.000	0.000	17.134
