3/28/2025  3:20 PM
Units: N
Readings: Continuous
X-Axis: Travel
Travel Unit: mm
Reading	Load	Travel	Time
1	0.000	0.000	0.000
2	0.000	0.000	0.130
3	0.000	0.000	0.181
4	0.000	0.000	0.230
5	0.000	0.000	0.281
6	0.000	0.000	0.330
7	0.000	0.000	0.380
8	0.000	0.000	0.430
9	0.000	0.000	0.481
10	0.000	0.000	0.530
11	0.000	0.000	0.581
12	0.000	0.000	0.630
13	0.000	0.000	0.680
14	0.000	0.000	0.731
15	0.000	0.000	0.780
16	0.000	0.000	0.830
17	0.000	0.000	0.880
18	0.005	0.000	0.930
19	0.000	0.000	0.980
20	0.005	0.000	1.031
21	0.005	0.000	1.081
22	0.000	0.000	1.130
23	0.005	0.000	1.180
24	0.000	0.000	1.230
25	0.000	0.000	1.280
26	0.000	0.000	1.331
27	0.000	0.000	1.380
28	0.000	0.000	1.430
29	0.000	0.000	1.480
30	0.000	0.000	1.530
31	0.000	0.000	1.580
32	0.000	0.000	1.630
33	0.000	0.000	1.680
34	0.000	0.000	1.730
35	0.000	0.000	1.780
36	-0.010	-0.020	1.830
37	-0.180	-0.100	1.881
38	-0.030	-0.160	1.930
39	-0.015	-0.260	1.980
40	-0.145	-0.340	2.031
41	-0.200	-0.420	2.080
42	-0.140	-0.500	2.131
43	0.000	-0.600	2.180
44	-0.090	-0.680	2.230
45	-0.180	-0.760	2.280
46	-0.095	-0.820	2.330
47	0.010	-0.920	2.380
48	0.165	-1.000	2.430
49	-0.075	-1.080	2.480
50	0.070	-1.160	2.530
51	0.115	-1.260	2.580
52	0.360	-1.340	2.630
53	0.310	-1.420	2.680
54	0.475	-1.480	2.731
55	0.915	-1.560	2.781
56	1.490	-1.660	2.831
57	1.810	-1.740	2.880
58	2.165	-1.820	2.931
59	2.875	-1.920	2.980
60	3.590	-2.000	3.030
61	4.110	-2.100	3.080
62	4.415	-2.180	3.130
63	5.150	-2.260	3.180
64	5.885	-2.320	3.230
65	6.470	-2.420	3.280
66	6.600	-2.420	3.330
67	6.545	-2.420	3.380
68	6.530	-2.460	3.431
69	6.540	-2.460	3.480
70	6.560	-2.460	3.530
71	6.575	-2.460	3.580
72	6.580	-2.480	3.631
73	6.580	-2.480	3.680
74	6.565	-2.480	3.731
75	6.545	-2.480	3.780
76	6.540	-2.480	3.831
77	6.530	-2.480	3.880
78	6.520	-2.480	3.930
79	6.515	-2.480	3.981
80	6.505	-2.480	4.031
81	6.500	-2.480	4.080
82	6.495	-2.480	4.130
83	6.490	-2.480	4.180
84	6.485	-2.480	4.230
85	6.480	-2.480	4.281
86	6.475	-2.480	4.331
87	6.470	-2.480	4.380
88	6.465	-2.480	4.431
89	6.460	-2.480	4.480
90	6.455	-2.480	4.530
91	6.450	-2.480	4.580
92	6.450	-2.480	4.630
93	6.445	-2.480	4.681
94	6.440	-2.480	4.730
95	6.440	-2.480	4.780
96	6.435	-2.480	4.830
97	6.430	-2.480	4.880
98	6.430	-2.480	4.931
99	6.425	-2.480	4.981
100	6.420	-2.480	5.031
101	6.420	-2.480	5.080
102	6.415	-2.480	5.130
103	6.415	-2.480	5.180
104	6.410	-2.480	5.230
105	6.410	-2.480	5.281
106	6.410	-2.480	5.330
107	6.405	-2.480	5.381
108	6.400	-2.480	5.431
109	6.400	-2.480	5.480
110	6.400	-2.480	5.531
111	6.395	-2.480	5.581
112	6.395	-2.480	5.630
113	6.390	-2.480	5.680
114	6.390	-2.480	5.730
115	6.390	-2.480	5.780
116	6.385	-2.480	5.830
117	6.385	-2.480	5.880
118	6.385	-2.480	5.930
119	6.380	-2.480	5.980
120	6.380	-2.480	6.030
121	6.380	-2.480	6.081
122	6.375	-2.480	6.131
123	6.375	-2.480	6.180
124	6.370	-2.480	6.230
125	6.370	-2.480	6.280
126	6.370	-2.480	6.331
127	6.370	-2.480	6.381
128	6.365	-2.480	6.430
129	6.365	-2.480	6.480
130	6.365	-2.480	6.530
131	6.360	-2.480	6.581
132	6.360	-2.480	6.631
133	6.360	-2.480	6.680
134	6.360	-2.480	6.730
135	6.355	-2.480	6.780
136	6.355	-2.480	6.830
137	6.355	-2.480	6.880
138	6.355	-2.480	6.930
139	6.350	-2.480	6.980
140	6.350	-2.480	7.030
141	6.350	-2.480	7.081
142	6.345	-2.480	7.130
143	6.345	-2.480	7.181
144	6.345	-2.480	7.230
145	6.345	-2.480	7.280
146	6.340	-2.480	7.330
147	6.340	-2.480	7.380
148	6.340	-2.480	7.430
149	6.340	-2.480	7.481
150	6.340	-2.480	7.531
151	6.335	-2.480	7.580
152	6.335	-2.480	7.631
153	6.335	-2.480	7.680
154	6.335	-2.480	7.731
155	6.335	-2.480	7.781
156	6.335	-2.480	7.830
157	6.330	-2.480	7.880
158	6.330	-2.480	7.931
159	6.330	-2.480	7.980
160	6.330	-2.480	8.031
161	6.330	-2.480	8.080
162	6.325	-2.480	8.130
163	6.325	-2.480	8.180
164	6.325	-2.480	8.231
165	6.325	-2.480	8.281
166	6.320	-2.480	8.331
167	6.325	-2.480	8.380
168	6.320	-2.480	8.430
169	6.320	-2.480	8.480
170	6.320	-2.480	8.530
171	6.320	-2.480	8.581
172	6.315	-2.480	8.631
173	6.315	-2.480	8.681
174	6.315	-2.480	8.730
175	6.315	-2.480	8.781
176	6.315	-2.480	8.831
177	6.310	-2.480	8.880
178	6.310	-2.480	8.930
179	6.310	-2.480	8.980
180	6.310	-2.480	9.030
181	6.310	-2.480	9.080
182	6.310	-2.480	9.130
183	6.310	-2.480	9.181
184	6.310	-2.480	9.231
185	6.310	-2.480	9.280
186	6.305	-2.480	9.330
187	6.305	-2.480	9.381
188	6.305	-2.480	9.430
189	6.305	-2.480	9.480
190	6.305	-2.480	9.530
191	6.305	-2.480	9.580
192	6.300	-2.480	9.630
193	6.300	-2.480	9.680
194	6.300	-2.480	9.730
195	6.300	-2.480	9.780
196	6.300	-2.480	9.831
197	6.300	-2.480	9.880
198	6.020	-2.400	9.931
199	5.300	-2.320	9.980
200	4.875	-2.260	10.030
201	4.170	-2.180	10.080
202	3.615	-2.100	10.131
203	3.150	-2.020	10.180
204	2.655	-1.940	10.230
205	2.145	-1.860	10.281
206	1.645	-1.760	10.330
207	1.205	-1.720	10.380
208	0.815	-1.620	10.430
209	0.475	-1.540	10.480
210	0.265	-1.460	10.531
211	0.160	-1.380	10.580
212	0.090	-1.320	10.630
213	0.045	-1.240	10.680
214	0.015	-1.160	10.730
215	-0.005	-1.080	10.781
216	-0.010	-1.000	10.830
217	-0.015	-0.920	10.881
218	-0.015	-0.860	10.931
219	-0.010	-0.780	10.980
220	-0.010	-0.680	11.030
221	-0.015	-0.600	11.080
222	-0.005	-0.520	11.131
223	-0.010	-0.440	11.181
224	-0.010	-0.380	11.230
225	-0.010	-0.300	11.280
226	-0.010	-0.220	11.330
227	-0.010	-0.140	11.380
228	-0.010	-0.060	11.430
229	0.030	-0.040	11.480
230	0.020	-0.020	11.531
231	0.025	-0.020	11.580
232	0.020	-0.020	11.630
233	0.025	-0.020	11.680
234	0.015	-0.020	11.730
235	0.020	-0.020	11.780
236	0.020	0.000	11.830
237	0.020	0.000	11.880
238	0.105	0.000	11.930
239	0.015	0.000	11.980
240	0.115	0.000	12.030
241	0.105	0.000	12.080
242	0.095	0.000	12.130
243	-0.005	0.000	12.181
244	0.000	0.000	12.230
245	-0.010	0.000	12.280
246	-0.010	0.000	12.331
247	-0.010	0.000	12.380
248	-0.010	0.000	12.430
249	-0.010	0.000	12.480
250	-0.010	0.000	12.530
251	-0.010	0.000	12.580
252	-0.005	0.000	12.631
253	-0.005	0.000	12.680
254	0.000	0.000	12.730
255	0.000	0.000	12.780
256	0.005	0.000	12.831
257	0.005	0.000	12.880
258	0.010	0.000	12.930
259	0.010	0.000	12.980
260	0.010	0.000	13.030
261	0.010	0.000	13.080
262	0.010	0.000	13.131
263	0.010	0.000	13.180
264	0.005	0.000	13.230
265	0.005	0.000	13.280
266	0.005	0.000	13.330
267	0.005	0.000	13.380
268	0.005	0.000	13.430
269	0.000	0.000	13.480
270	0.000	0.000	13.531
271	0.000	0.000	13.580
